// Vitest Snapshot v1, https://vitest.dev/guide/snapshot.html

exports[`NotFound.vue > matches the snapshot 1`] = `
"<section data-v-58703ab4="" class="not-found">
  <h1 data-v-58703ab4="">Page Not Found</h1>
</section>"
`;
