// Jest Snapshot v1, https://goo.gl/fbAQLP

exports[`ExamplesList.vue renders correctly 1`] = `
<div>
  <div>
    <p class="untrained">
      some specific text
    </p>
  </div> <br>
</div>
`;
