// Jest Snapshot v1, https://goo.gl/fbAQLP

exports[`TrainResponse.vue renders correctly 1`] = `<unnnic-modal showmodal="true" text="some specific text" scheme="feedback-green" modal-icon="check-circle-1-1"><span slot="message">some specific text</span></unnnic-modal>`;
