// Jest Snapshot v1, https://goo.gl/fbAQLP

exports[`GraphicsResult.vue renders re-renders after charts data changes 1`] = `
VueWrapper {
  "_emitted": Object {},
  "_emittedByOrder": Array [],
  "isFunctionalComponent": undefined,
}
`;

exports[`GraphicsResult.vue renders renders 1`] = `
VueWrapper {
  "_emitted": Object {},
  "_emittedByOrder": Array [],
  "isFunctionalComponent": undefined,
}
`;
