// Jest Snapshot v1, https://goo.gl/fbAQLP

exports[`LanguageList.vue renders correctly 1`] = `
<div class="languages-list">
  <b-field-stub addons="true" class="languages-list__field">
    <b-autocomplete-stub usehtml5validation="true" statusicon="true" value="" data="English,Portuguese" field="value" keepfirst="true" openonfocus="true" dropdownposition="bottom" type="text" confirmkeys="Tab,Enter" placeholder="some specific text"></b-autocomplete-stub>
  </b-field-stub>
</div>
`;
