// Jest Snapshot v1, https://goo.gl/fbAQLP

exports[`ChoiceInput.vue renders correctly 1`] = `
<b-select-stub expanded="true" usehtml5validation="true" statusicon="true">
  <option value=""></option>
  <option value=""></option>
  <option value=""></option>
</b-select-stub>
`;
