// Jest Snapshot v1, https://goo.gl/fbAQLP

exports[`MultipleChoice.vue renders correctly 1`] = `<unnnic-carousel tagitems="[object Object],[object Object],[object Object]"></unnnic-carousel>`;
