// Jest Snapshot v1, https://goo.gl/fbAQLP

exports[`StringInput.vue renders correctly 1`] = `<unnnic-input has-counter="true" placeholder="" type="text"></unnnic-input>`;
