// Jest Snapshot v1, https://goo.gl/fbAQLP

exports[`TextInput.vue renders correctly 1`] = `<b-input-stub usehtml5validation="true" statusicon="true" value="" type="textarea" hascounter="true" customclass="" placeholder=""></b-input-stub>`;
