// Vitest Snapshot v1, https://vitest.dev/guide/snapshot.html

exports[`ContactMessage.vue > matches the snapshot 1`] = `
"<section data-testid="contact-message-container" class="inspect-response__contact">
  <unnnic-intelligence-text-stub size="body-gt" tag="p" family="secondary" lineheight="md" weight="regular" color="neutral-cloudy" data-testid="contact-message-title"></unnnic-intelligence-text-stub>
  <p data-testid="contact-message-text" class="contact__text"> “Contact message mock” </p>
</section>"
`;
